[www.dropbox.com/logined4c.html]
[cfl.dropboxstatic.com/static/metaserver/static/css/main-vflJq78kL.css]
[www.dropbox.com/login.html]
[cfl.dropboxstatic.com/static/metaserver/static/images/logo_catalog/dropbox_webclip_60_vis.png]
[cfl.dropboxstatic.com/static/metaserver/static/images/logo_catalog/dropbox_webclip_76_vis.png]
[cfl.dropboxstatic.com/static/metaserver/static/images/logo_catalog/dropbox_webclip_120_vis.png]
[backblue.gif]
[fade.gif]
[index.html]
[cfl.dropboxstatic.com/static/metaserver/static/images/logo_catalog/dropbox_webclip_152_vis.png]
[cfl.dropboxstatic.com/static/metaserver/static/css/dropbox/2015/layout-vflvc3veE.css]
[cfl.dropboxstatic.com/static/metaserver/static/css/dropbox/2015/pages/index-vflPKjvNC.css]
[cfl.dropboxstatic.com/static/metaserver/static/css/google_one_tap-vflMWGYTu.css]
[cfl.dropboxstatic.com/static/metaserver/static/css/notify-vfl4oJv2S.css]
[cfl.dropboxstatic.com/static/metaserver/static/css/signup_signin/dwg_refresh_exp-vfl_5LPxe.css]
[cfl.dropboxstatic.com/static/metaserver/static/css/sprites/web_sprites-vflqmyrXQ.css]
[cfl.dropboxstatic.com/static/typescript/component_libraries/dwg-components/src/index.web-vflWvw6lp.css]
[cfl.dropboxstatic.com/static/metaserver/static/js/alameda_bundle/alameda_bundle_ie_en-vflSsMkjr.js]
[cfl.dropboxstatic.com/static/metaserver/static/images/logo-vflL7Ces6.png]
[cfl.dropboxstatic.com/static/metaserver/static/images/x-small-active-vflYKfRuL.png]
[www.dropbox.com/metaserver/static/js/privacy_consent/privacy_consent.module.11.delayed]
[www.dropbox.com/metaserver/static/js/privacy_consent/sandbox_redirect.module.12.delayed]
[www.dropbox.com/css!metaserver/static/js/ux_analytics/styles/devtools.module.out.13.delayed]
[www.dropbox.com/metaserver/static/js/ux_analytics/styles/devtools.module.14.delayed]
[www.dropbox.com/css!metaserver/static/js/privacy_consent/privacy_consent.module.out.15.delayed]
[www.dropbox.com/css!metaserver/static/js/privacy_consent/sandbox_redirect.module.out.16.delayed]
[www.dropbox.com/logined4c.html]
[www.dropbox.com/da_DK/login.html]
[www.dropbox.com/de/login.html]
[www.dropbox.com/en_GB/login.html]
[www.dropbox.com/es/login.html]
[www.dropbox.com/es_ES/login.html]
[www.dropbox.com/fr/login.html]
[www.dropbox.com/id/login.html]
[www.dropbox.com/it/login.html]
[www.dropbox.com/ja/login.html]
[www.dropbox.com/ko/login.html]
[www.dropbox.com/ms/login.html]
[www.dropbox.com/nb_NO/login.html]
[www.dropbox.com/nl_NL/login.html]
[www.dropbox.com/pl/login.html]
[www.dropbox.com/pt_BR/login.html]
[www.dropbox.com/ru/login.html]
[www.dropbox.com/sv_SE/login.html]
[www.dropbox.com/th_TH/login.html]
[www.dropbox.com/uk_UA/login.html]
[www.dropbox.com/zh_CN/login.html]
[www.dropbox.com/login.html]
[www.dropbox.com/zh_TW/login.html]
[cfl.dropboxstatic.com/static/metaserver/static/images/earthrisechopped-vflv6G6su.jpg]
[cfl.dropboxstatic.com/static/metaserver/static/images/x-small-inactive-vflYKfRuL.png]
[cfl.dropboxstatic.com/static/metaserver/static/images/x-small-pressed-vflYKfRuL.png]
[cfl.dropboxstatic.com/static/metaserver/static/images/tokens/token-vflrppjFm.png]
[cfl.dropboxstatic.com/static/metaserver/static/images/tokens/token_hover-vflBO4qD1.png]
[cfl.dropboxstatic.com/static/metaserver/static/images/tokens/token_close-vflQfmPVE.png]
[cfl.dropboxstatic.com/static/metaserver/static/images/tokens/er_token-vflniwpEy.png]
[cfl.dropboxstatic.com/static/metaserver/static/images/tokens/er_token_hover-vflXal_JN.png]
[cfl.dropboxstatic.com/static/metaserver/static/images/tokens/er_token_close-vflw-1uHD.png]
[cfl.dropboxstatic.com/static/metaserver/static/images/tokens/w_token-vfl9rjynV.png]
[cfl.dropboxstatic.com/static/metaserver/static/images/tokens/w_token_hover-vflTRtwW6.png]
[cfl.dropboxstatic.com/static/metaserver/static/images/tokens/w_token_close-vfl57bsSl.png]
[cfl.dropboxstatic.com/static/metaserver/static/images/tokens/token_selected-vfl6BDgcp.png]
[cfl.dropboxstatic.com/static/metaserver/static/images/tokens/er_token_selected-vflutxYy5.png]
[cfl.dropboxstatic.com/static/metaserver/static/images/tokens/w_token_selected-vflbeHi5X.png]
[cfl.dropboxstatic.com/static/metaserver/static/images/dots-vflPwuWRn.gif]
[cfl.dropboxstatic.com/static/metaserver/static/images/skinny_dots-vfldI7ERm.gif]
[cfl.dropboxstatic.com/static/metaserver/static/images/icons/lquote-vfleLEP9D.png]
[cfl.dropboxstatic.com/static/metaserver/static/images/icons/rquote-vfl_1CBoV.png]
[cfl.dropboxstatic.com/static/metaserver/static/images/download_button-vflSjG2SU.png]
[cfl.dropboxstatic.com/static/metaserver/static/images/icons/bullet_blue-vfleICrKj.gif]
[cfl.dropboxstatic.com/static/metaserver/static/images/bubble_tl-vfl6cABbS.png]
[cfl.dropboxstatic.com/static/metaserver/static/images/bubble_tr-vflrB536R.png]
[cfl.dropboxstatic.com/static/metaserver/static/images/bubble_bl-vflMdxQ1O.png]
[cfl.dropboxstatic.com/static/metaserver/static/images/bubble_br-vflU2zuvO.png]
[cfl.dropboxstatic.com/static/metaserver/static/images/bubble_t-vflgeQa3q.png]
[cfl.dropboxstatic.com/static/metaserver/static/images/bubble_b-vflhe-s45.png]
[cfl.dropboxstatic.com/static/metaserver/static/images/bubble_l-vflk7FP1Z.png]
[cfl.dropboxstatic.com/static/metaserver/static/images/bubble_r-vfljSgzWm.png]
[cfl.dropboxstatic.com/static/metaserver/static/images/bluebubble_tl-vfl4G9bEE.png]
[cfl.dropboxstatic.com/static/metaserver/static/images/bluebubble_tr-vfllJ3ZZm.png]
[cfl.dropboxstatic.com/static/metaserver/static/images/bluebubble_bl-vflYN_4x3.png]
[cfl.dropboxstatic.com/static/metaserver/static/images/bluebubble_br-vflqKajGM.png]
[cfl.dropboxstatic.com/static/metaserver/static/images/bluebubble_t-vfli9iy8c.png]
[cfl.dropboxstatic.com/static/metaserver/static/images/bluebubble_b-vflH9LDZ4.png]
[cfl.dropboxstatic.com/static/metaserver/static/images/bluebubble_l-vfljhAD5k.png]
[cfl.dropboxstatic.com/static/metaserver/static/images/bluebubble_r-vfllrpFJa.png]
[cfl.dropboxstatic.com/static/metaserver/static/images/white_pixel-vfltEkXBV.gif]
[cfl.dropboxstatic.com/static/metaserver/static/images/shadow_gradient-vfllopsMq.gif]
[cfl.dropboxstatic.com/static/metaserver/static/images/dropboxlove-vflc5oKID.gif]
[cfl.dropboxstatic.com/static/metaserver/static/images/arrows-vfldd2t3Y.gif]
[cfl.dropboxstatic.com/static/metaserver/static/images/icons/big-dropdown-gray-vflRwG4rA.gif]
[cfl.dropboxstatic.com/static/metaserver/static/images/cta_bg-vflM6j2h6.png]
[cfl.dropboxstatic.com/static/metaserver/static/css/main-vflJq78kL.css]
[cfl.dropboxstatic.com/static/metaserver/static/css/dropbox/2015/layout-vflvc3veE.css]
[cfl.dropboxstatic.com/static/metaserver/static/css/dropbox/2015/pages/index-vflPKjvNC.css]
[cfl.dropboxstatic.com/static/metaserver/static/css/google_one_tap-vflMWGYTu.css]
[cfl.dropboxstatic.com/static/metaserver/static/css/notify-vfl4oJv2S.css]
[cfl.dropboxstatic.com/static/metaserver/static/css/signup_signin/dwg_refresh_exp-vfl_5LPxe.css]
[cfl.dropboxstatic.com/static/metaserver/static/images/sprites/web_sprites-vflT1pLW1.png]
[cfl.dropboxstatic.com/static/metaserver/static/images/sprites/web_2x_sprites-vflN8VDFL.png]
[cfl.dropboxstatic.com/static/metaserver/static/css/sprites/web_sprites-vflqmyrXQ.css]
[cfl.dropboxstatic.com/static/metaserver/static/images/payments/buy/rebrand-info-vflRPzJtZ.png]
[cfl.dropboxstatic.com/static/typescript/component_libraries/dwg-components/src/index.web-vflWvw6lp.css]
[www.dropbox.com/metaserver/static/js/privacy_consent/privacy_consent.module.html]
[www.dropbox.com/metaserver/static/js/privacy_consent/sandbox_redirect.module.html]
[www.dropbox.com/css!metaserver/static/js/ux_analytics/styles/devtools.module.out.html]
[www.dropbox.com/metaserver/static/js/ux_analytics/styles/devtools.module.html]
[www.dropbox.com/css!metaserver/static/js/privacy_consent/privacy_consent.module.out.html]
[www.dropbox.com/css!metaserver/static/js/privacy_consent/sandbox_redirect.module.out.html]
[cfl.dropboxstatic.com/static/metaserver/static/js/alameda_bundle/alameda_bundle_ie_da_DK-vflRNKbRt.js]
[www.dropbox.com/da_DK/metaserver/static/js/privacy_consent/privacy_consent.module.5b.delayed]
[www.dropbox.com/da_DK/metaserver/static/js/privacy_consent/sandbox_redirect.module.5c.delayed]
[www.dropbox.com/da_DK/css!metaserver/static/js/ux_analytics/styles/devtools.module.out.5d.delayed]
[www.dropbox.com/da_DK/metaserver/static/js/ux_analytics/styles/devtools.module.5e.delayed]
[www.dropbox.com/da_DK/css!metaserver/static/js/privacy_consent/privacy_consent.module.out.5f.delayed]
[www.dropbox.com/da_DK/css!metaserver/static/js/privacy_consent/sandbox_redirect.module.out.60.delayed]
[www.dropbox.com/da_DK/login.html]
[cfl.dropboxstatic.com/static/metaserver/static/js/alameda_bundle/alameda_bundle_ie_de-vflAw2zHZ.js]
[www.dropbox.com/de/metaserver/static/js/privacy_consent/privacy_consent.module.62.delayed]
[www.dropbox.com/de/metaserver/static/js/privacy_consent/sandbox_redirect.module.63.delayed]
[www.dropbox.com/de/css!metaserver/static/js/ux_analytics/styles/devtools.module.out.64.delayed]
[www.dropbox.com/de/metaserver/static/js/ux_analytics/styles/devtools.module.65.delayed]
[www.dropbox.com/de/css!metaserver/static/js/privacy_consent/privacy_consent.module.out.66.delayed]
[www.dropbox.com/de/css!metaserver/static/js/privacy_consent/sandbox_redirect.module.out.67.delayed]
[www.dropbox.com/de/login.html]
[cfl.dropboxstatic.com/static/metaserver/static/js/alameda_bundle/alameda_bundle_ie_en_GB-vfl0KNux0.js]
[www.dropbox.com/en_GB/metaserver/static/js/privacy_consent/privacy_consent.module.69.delayed]
[www.dropbox.com/en_GB/metaserver/static/js/privacy_consent/sandbox_redirect.module.6a.delayed]
[www.dropbox.com/en_GB/css!metaserver/static/js/ux_analytics/styles/devtools.module.out.6b.delayed]
[www.dropbox.com/en_GB/metaserver/static/js/ux_analytics/styles/devtools.module.6c.delayed]
[www.dropbox.com/en_GB/css!metaserver/static/js/privacy_consent/privacy_consent.module.out.6d.delayed]
[www.dropbox.com/en_GB/css!metaserver/static/js/privacy_consent/sandbox_redirect.module.out.6e.delayed]
[www.dropbox.com/en_GB/login.html]
[cfl.dropboxstatic.com/static/metaserver/static/js/alameda_bundle/alameda_bundle_ie_es-vflA7iGbc.js]
[www.dropbox.com/es/metaserver/static/js/privacy_consent/privacy_consent.module.70.delayed]
[www.dropbox.com/es/metaserver/static/js/privacy_consent/sandbox_redirect.module.71.delayed]
[www.dropbox.com/es/css!metaserver/static/js/ux_analytics/styles/devtools.module.out.72.delayed]
[www.dropbox.com/es/metaserver/static/js/ux_analytics/styles/devtools.module.73.delayed]
[www.dropbox.com/es/css!metaserver/static/js/privacy_consent/privacy_consent.module.out.74.delayed]
[www.dropbox.com/es/css!metaserver/static/js/privacy_consent/sandbox_redirect.module.out.75.delayed]
[www.dropbox.com/es/login.html]
[cfl.dropboxstatic.com/static/metaserver/static/js/alameda_bundle/alameda_bundle_ie_es_ES-vflLc4cd6.js]
[www.dropbox.com/es_ES/metaserver/static/js/privacy_consent/privacy_consent.module.77.delayed]
[www.dropbox.com/es_ES/metaserver/static/js/privacy_consent/sandbox_redirect.module.78.delayed]
[www.dropbox.com/es_ES/css!metaserver/static/js/ux_analytics/styles/devtools.module.out.79.delayed]
[www.dropbox.com/es_ES/metaserver/static/js/ux_analytics/styles/devtools.module.7a.delayed]
[www.dropbox.com/es_ES/css!metaserver/static/js/privacy_consent/privacy_consent.module.out.7b.delayed]
[www.dropbox.com/es_ES/css!metaserver/static/js/privacy_consent/sandbox_redirect.module.out.7c.delayed]
[www.dropbox.com/es_ES/login.html]
[cfl.dropboxstatic.com/static/metaserver/static/js/alameda_bundle/alameda_bundle_ie_fr-vfleIz_FN.js]
[www.dropbox.com/fr/metaserver/static/js/privacy_consent/privacy_consent.module.7e.delayed]
[www.dropbox.com/fr/metaserver/static/js/privacy_consent/sandbox_redirect.module.7f.delayed]
[www.dropbox.com/fr/css!metaserver/static/js/ux_analytics/styles/devtools.module.out.80.delayed]
[www.dropbox.com/fr/metaserver/static/js/ux_analytics/styles/devtools.module.81.delayed]
[www.dropbox.com/fr/css!metaserver/static/js/privacy_consent/privacy_consent.module.out.82.delayed]
[www.dropbox.com/fr/css!metaserver/static/js/privacy_consent/sandbox_redirect.module.out.83.delayed]
[www.dropbox.com/fr/login.html]
[cfl.dropboxstatic.com/static/metaserver/static/js/alameda_bundle/alameda_bundle_ie_id-vflkUj6ih.js]
[www.dropbox.com/id/metaserver/static/js/privacy_consent/privacy_consent.module.85.delayed]
[www.dropbox.com/id/metaserver/static/js/privacy_consent/sandbox_redirect.module.86.delayed]
[www.dropbox.com/id/css!metaserver/static/js/ux_analytics/styles/devtools.module.out.87.delayed]
[www.dropbox.com/id/metaserver/static/js/ux_analytics/styles/devtools.module.88.delayed]
[www.dropbox.com/id/css!metaserver/static/js/privacy_consent/privacy_consent.module.out.89.delayed]
[www.dropbox.com/id/css!metaserver/static/js/privacy_consent/sandbox_redirect.module.out.8a.delayed]
[www.dropbox.com/id/login.html]
[cfl.dropboxstatic.com/static/metaserver/static/js/alameda_bundle/alameda_bundle_ie_it-vflc-5kgy.js]
[www.dropbox.com/it/metaserver/static/js/privacy_consent/privacy_consent.module.8c.delayed]
[www.dropbox.com/it/metaserver/static/js/privacy_consent/sandbox_redirect.module.8d.delayed]
[www.dropbox.com/it/css!metaserver/static/js/ux_analytics/styles/devtools.module.out.8e.delayed]
[www.dropbox.com/it/metaserver/static/js/ux_analytics/styles/devtools.module.8f.delayed]
[www.dropbox.com/it/css!metaserver/static/js/privacy_consent/privacy_consent.module.out.90.delayed]
[www.dropbox.com/it/css!metaserver/static/js/privacy_consent/sandbox_redirect.module.out.91.delayed]
[www.dropbox.com/it/login.html]
[cfl.dropboxstatic.com/static/metaserver/static/js/alameda_bundle/alameda_bundle_ie_ja-vflxS45Yr.js]
[www.dropbox.com/ja/metaserver/static/js/privacy_consent/privacy_consent.module.93.delayed]
[www.dropbox.com/ja/metaserver/static/js/privacy_consent/sandbox_redirect.module.94.delayed]
[www.dropbox.com/ja/css!metaserver/static/js/ux_analytics/styles/devtools.module.out.95.delayed]
[www.dropbox.com/ja/metaserver/static/js/ux_analytics/styles/devtools.module.96.delayed]
[www.dropbox.com/ja/css!metaserver/static/js/privacy_consent/privacy_consent.module.out.97.delayed]
[www.dropbox.com/ja/css!metaserver/static/js/privacy_consent/sandbox_redirect.module.out.98.delayed]
[www.dropbox.com/ja/login.html]
[cfl.dropboxstatic.com/static/metaserver/static/js/alameda_bundle/alameda_bundle_ie_ko-vfl6UpVRc.js]
[www.dropbox.com/ko/metaserver/static/js/privacy_consent/privacy_consent.module.9a.delayed]
[www.dropbox.com/ko/metaserver/static/js/privacy_consent/sandbox_redirect.module.9b.delayed]
[www.dropbox.com/ko/css!metaserver/static/js/ux_analytics/styles/devtools.module.out.9c.delayed]
[www.dropbox.com/ko/metaserver/static/js/ux_analytics/styles/devtools.module.9d.delayed]
[www.dropbox.com/ko/css!metaserver/static/js/privacy_consent/privacy_consent.module.out.9e.delayed]
[www.dropbox.com/ko/css!metaserver/static/js/privacy_consent/sandbox_redirect.module.out.9f.delayed]
[www.dropbox.com/ko/login.html]
[cfl.dropboxstatic.com/static/metaserver/static/js/alameda_bundle/alameda_bundle_ie_ms-vflhqvdUe.js]
[www.dropbox.com/ms/metaserver/static/js/privacy_consent/privacy_consent.module.a1.delayed]
[www.dropbox.com/ms/metaserver/static/js/privacy_consent/sandbox_redirect.module.a2.delayed]
[www.dropbox.com/ms/css!metaserver/static/js/ux_analytics/styles/devtools.module.out.a3.delayed]
[www.dropbox.com/ms/metaserver/static/js/ux_analytics/styles/devtools.module.a4.delayed]
[www.dropbox.com/ms/css!metaserver/static/js/privacy_consent/privacy_consent.module.out.a5.delayed]
[www.dropbox.com/ms/css!metaserver/static/js/privacy_consent/sandbox_redirect.module.out.a6.delayed]
[www.dropbox.com/ms/login.html]
[cfl.dropboxstatic.com/static/metaserver/static/js/alameda_bundle/alameda_bundle_ie_nb_NO-vfluDNDrZ.js]
[www.dropbox.com/nb_NO/metaserver/static/js/privacy_consent/privacy_consent.module.a8.delayed]
[www.dropbox.com/nb_NO/metaserver/static/js/privacy_consent/sandbox_redirect.module.a9.delayed]
[www.dropbox.com/nb_NO/css!metaserver/static/js/ux_analytics/styles/devtools.module.out.aa.delayed]
[www.dropbox.com/nb_NO/metaserver/static/js/ux_analytics/styles/devtools.module.ab.delayed]
[www.dropbox.com/nb_NO/css!metaserver/static/js/privacy_consent/privacy_consent.module.out.ac.delayed]
[www.dropbox.com/nb_NO/css!metaserver/static/js/privacy_consent/sandbox_redirect.module.out.ad.delayed]
[www.dropbox.com/nb_NO/login.html]
[cfl.dropboxstatic.com/static/metaserver/static/js/alameda_bundle/alameda_bundle_ie_nl_NL-vflplnJgM.js]
[www.dropbox.com/nl_NL/metaserver/static/js/privacy_consent/privacy_consent.module.af.delayed]
[www.dropbox.com/nl_NL/metaserver/static/js/privacy_consent/sandbox_redirect.module.b0.delayed]
[www.dropbox.com/nl_NL/css!metaserver/static/js/ux_analytics/styles/devtools.module.out.b1.delayed]
[www.dropbox.com/nl_NL/metaserver/static/js/ux_analytics/styles/devtools.module.b2.delayed]
[www.dropbox.com/nl_NL/css!metaserver/static/js/privacy_consent/privacy_consent.module.out.b3.delayed]
[www.dropbox.com/nl_NL/css!metaserver/static/js/privacy_consent/sandbox_redirect.module.out.b4.delayed]
[www.dropbox.com/nl_NL/login.html]
[cfl.dropboxstatic.com/static/metaserver/static/js/alameda_bundle/alameda_bundle_ie_pl-vfljjKJTb.js]
[www.dropbox.com/pl/metaserver/static/js/privacy_consent/privacy_consent.module.b6.delayed]
[www.dropbox.com/pl/metaserver/static/js/privacy_consent/sandbox_redirect.module.b7.delayed]
[www.dropbox.com/pl/css!metaserver/static/js/ux_analytics/styles/devtools.module.out.b8.delayed]
[www.dropbox.com/pl/metaserver/static/js/ux_analytics/styles/devtools.module.b9.delayed]
[www.dropbox.com/pl/css!metaserver/static/js/privacy_consent/privacy_consent.module.out.ba.delayed]
[www.dropbox.com/pl/css!metaserver/static/js/privacy_consent/sandbox_redirect.module.out.bb.delayed]
[www.dropbox.com/pl/login.html]
[cfl.dropboxstatic.com/static/metaserver/static/js/alameda_bundle/alameda_bundle_ie_pt_BR-vflWKzob0.js]
[www.dropbox.com/pt_BR/metaserver/static/js/privacy_consent/privacy_consent.module.bd.delayed]
[www.dropbox.com/pt_BR/metaserver/static/js/privacy_consent/sandbox_redirect.module.be.delayed]
[www.dropbox.com/pt_BR/css!metaserver/static/js/ux_analytics/styles/devtools.module.out.bf.delayed]
[www.dropbox.com/pt_BR/metaserver/static/js/ux_analytics/styles/devtools.module.c0.delayed]
[www.dropbox.com/pt_BR/css!metaserver/static/js/privacy_consent/privacy_consent.module.out.c1.delayed]
[www.dropbox.com/pt_BR/css!metaserver/static/js/privacy_consent/sandbox_redirect.module.out.c2.delayed]
[www.dropbox.com/pt_BR/login.html]
[cfl.dropboxstatic.com/static/metaserver/static/js/alameda_bundle/alameda_bundle_ie_ru-vflD2-gMP.js]
[www.dropbox.com/ru/metaserver/static/js/privacy_consent/privacy_consent.module.c4.delayed]
[www.dropbox.com/ru/metaserver/static/js/privacy_consent/sandbox_redirect.module.c5.delayed]
[www.dropbox.com/ru/css!metaserver/static/js/ux_analytics/styles/devtools.module.out.c6.delayed]
[www.dropbox.com/ru/metaserver/static/js/ux_analytics/styles/devtools.module.c7.delayed]
[www.dropbox.com/ru/css!metaserver/static/js/privacy_consent/privacy_consent.module.out.c8.delayed]
[www.dropbox.com/ru/css!metaserver/static/js/privacy_consent/sandbox_redirect.module.out.c9.delayed]
[www.dropbox.com/ru/login.html]
[cfl.dropboxstatic.com/static/metaserver/static/js/alameda_bundle/alameda_bundle_ie_sv_SE-vfln4wOMQ.js]
[www.dropbox.com/sv_SE/metaserver/static/js/privacy_consent/privacy_consent.module.cb.delayed]
[www.dropbox.com/sv_SE/metaserver/static/js/privacy_consent/sandbox_redirect.module.cc.delayed]
[www.dropbox.com/sv_SE/css!metaserver/static/js/ux_analytics/styles/devtools.module.out.cd.delayed]
[www.dropbox.com/sv_SE/metaserver/static/js/ux_analytics/styles/devtools.module.ce.delayed]
[www.dropbox.com/sv_SE/css!metaserver/static/js/privacy_consent/privacy_consent.module.out.cf.delayed]
[www.dropbox.com/sv_SE/css!metaserver/static/js/privacy_consent/sandbox_redirect.module.out.d0.delayed]
[www.dropbox.com/sv_SE/login.html]
[cfl.dropboxstatic.com/static/metaserver/static/js/alameda_bundle/alameda_bundle_ie_th_TH-vflfEl5y6.js]
[www.dropbox.com/th_TH/metaserver/static/js/privacy_consent/privacy_consent.module.d2.delayed]
[www.dropbox.com/th_TH/metaserver/static/js/privacy_consent/sandbox_redirect.module.d3.delayed]
[www.dropbox.com/th_TH/css!metaserver/static/js/ux_analytics/styles/devtools.module.out.d4.delayed]
[www.dropbox.com/th_TH/metaserver/static/js/ux_analytics/styles/devtools.module.d5.delayed]
[www.dropbox.com/th_TH/css!metaserver/static/js/privacy_consent/privacy_consent.module.out.d6.delayed]
[www.dropbox.com/th_TH/css!metaserver/static/js/privacy_consent/sandbox_redirect.module.out.d7.delayed]
[www.dropbox.com/th_TH/login.html]
[cfl.dropboxstatic.com/static/metaserver/static/js/alameda_bundle/alameda_bundle_ie_uk_UA-vfl-meOIL.js]
[www.dropbox.com/uk_UA/metaserver/static/js/privacy_consent/privacy_consent.module.d9.delayed]
[www.dropbox.com/uk_UA/metaserver/static/js/privacy_consent/sandbox_redirect.module.da.delayed]
[www.dropbox.com/uk_UA/css!metaserver/static/js/ux_analytics/styles/devtools.module.out.db.delayed]
[www.dropbox.com/uk_UA/metaserver/static/js/ux_analytics/styles/devtools.module.dc.delayed]
[www.dropbox.com/uk_UA/css!metaserver/static/js/privacy_consent/privacy_consent.module.out.dd.delayed]
[www.dropbox.com/uk_UA/css!metaserver/static/js/privacy_consent/sandbox_redirect.module.out.de.delayed]
[www.dropbox.com/uk_UA/login.html]
[cfl.dropboxstatic.com/static/metaserver/static/js/alameda_bundle/alameda_bundle_ie_zh_CN-vflVN94fG.js]
[www.dropbox.com/zh_CN/metaserver/static/js/privacy_consent/privacy_consent.module.e0.delayed]
[www.dropbox.com/zh_CN/metaserver/static/js/privacy_consent/sandbox_redirect.module.e1.delayed]
[www.dropbox.com/zh_CN/css!metaserver/static/js/ux_analytics/styles/devtools.module.out.e2.delayed]
[www.dropbox.com/zh_CN/metaserver/static/js/ux_analytics/styles/devtools.module.e3.delayed]
[www.dropbox.com/zh_CN/css!metaserver/static/js/privacy_consent/privacy_consent.module.out.e4.delayed]
[www.dropbox.com/zh_CN/css!metaserver/static/js/privacy_consent/sandbox_redirect.module.out.e5.delayed]
[www.dropbox.com/zh_CN/login.html]
[cfl.dropboxstatic.com/static/metaserver/static/js/alameda_bundle/alameda_bundle_ie_zh_TW-vflHA-0sp.js]
[www.dropbox.com/zh_TW/metaserver/static/js/privacy_consent/privacy_consent.module.e7.delayed]
[www.dropbox.com/zh_TW/metaserver/static/js/privacy_consent/sandbox_redirect.module.e8.delayed]
[www.dropbox.com/zh_TW/css!metaserver/static/js/ux_analytics/styles/devtools.module.out.e9.delayed]
[www.dropbox.com/zh_TW/metaserver/static/js/ux_analytics/styles/devtools.module.ea.delayed]
[www.dropbox.com/zh_TW/css!metaserver/static/js/privacy_consent/privacy_consent.module.out.eb.delayed]
[www.dropbox.com/zh_TW/css!metaserver/static/js/privacy_consent/sandbox_redirect.module.out.ec.delayed]
[www.dropbox.com/zh_TW/login.html]
[www.dropbox.com/da_DK/metaserver/static/js/privacy_consent/privacy_consent.module.html]
[www.dropbox.com/da_DK/metaserver/static/js/privacy_consent/sandbox_redirect.module.html]
[www.dropbox.com/da_DK/css!metaserver/static/js/ux_analytics/styles/devtools.module.out.html]
[www.dropbox.com/da_DK/metaserver/static/js/ux_analytics/styles/devtools.module.html]
[www.dropbox.com/da_DK/css!metaserver/static/js/privacy_consent/privacy_consent.module.out.html]
[www.dropbox.com/da_DK/css!metaserver/static/js/privacy_consent/sandbox_redirect.module.out.html]
[www.dropbox.com/de/metaserver/static/js/privacy_consent/privacy_consent.module.html]
[www.dropbox.com/de/metaserver/static/js/privacy_consent/sandbox_redirect.module.html]
[www.dropbox.com/de/css!metaserver/static/js/ux_analytics/styles/devtools.module.out.html]
[www.dropbox.com/de/metaserver/static/js/ux_analytics/styles/devtools.module.html]
[www.dropbox.com/de/css!metaserver/static/js/privacy_consent/privacy_consent.module.out.html]
[www.dropbox.com/de/css!metaserver/static/js/privacy_consent/sandbox_redirect.module.out.html]
[www.dropbox.com/en_GB/metaserver/static/js/privacy_consent/privacy_consent.module.html]
[www.dropbox.com/en_GB/metaserver/static/js/privacy_consent/sandbox_redirect.module.html]
[www.dropbox.com/en_GB/css!metaserver/static/js/ux_analytics/styles/devtools.module.out.html]
[www.dropbox.com/en_GB/metaserver/static/js/ux_analytics/styles/devtools.module.html]
[www.dropbox.com/en_GB/css!metaserver/static/js/privacy_consent/privacy_consent.module.out.html]
[www.dropbox.com/en_GB/css!metaserver/static/js/privacy_consent/sandbox_redirect.module.out.html]
[www.dropbox.com/es/metaserver/static/js/privacy_consent/privacy_consent.module.html]
[www.dropbox.com/es/metaserver/static/js/privacy_consent/sandbox_redirect.module.html]
[www.dropbox.com/es/css!metaserver/static/js/ux_analytics/styles/devtools.module.out.html]
[www.dropbox.com/es/metaserver/static/js/ux_analytics/styles/devtools.module.html]
[www.dropbox.com/es/css!metaserver/static/js/privacy_consent/privacy_consent.module.out.html]
[www.dropbox.com/es/css!metaserver/static/js/privacy_consent/sandbox_redirect.module.out.html]
[www.dropbox.com/es_ES/metaserver/static/js/privacy_consent/privacy_consent.module.html]
[www.dropbox.com/es_ES/metaserver/static/js/privacy_consent/sandbox_redirect.module.html]
[www.dropbox.com/es_ES/css!metaserver/static/js/ux_analytics/styles/devtools.module.out.html]
[www.dropbox.com/es_ES/metaserver/static/js/ux_analytics/styles/devtools.module.html]
[www.dropbox.com/es_ES/css!metaserver/static/js/privacy_consent/privacy_consent.module.out.html]
[www.dropbox.com/es_ES/css!metaserver/static/js/privacy_consent/sandbox_redirect.module.out.html]
[www.dropbox.com/fr/metaserver/static/js/privacy_consent/privacy_consent.module.html]
[www.dropbox.com/fr/metaserver/static/js/privacy_consent/sandbox_redirect.module.html]
[www.dropbox.com/fr/css!metaserver/static/js/ux_analytics/styles/devtools.module.out.html]
[www.dropbox.com/fr/metaserver/static/js/ux_analytics/styles/devtools.module.html]
[www.dropbox.com/fr/css!metaserver/static/js/privacy_consent/privacy_consent.module.out.html]
[www.dropbox.com/fr/css!metaserver/static/js/privacy_consent/sandbox_redirect.module.out.html]
[www.dropbox.com/id/metaserver/static/js/privacy_consent/privacy_consent.module.html]
[www.dropbox.com/id/metaserver/static/js/privacy_consent/sandbox_redirect.module.html]
[www.dropbox.com/id/css!metaserver/static/js/ux_analytics/styles/devtools.module.out.html]
[www.dropbox.com/id/metaserver/static/js/ux_analytics/styles/devtools.module.html]
[www.dropbox.com/id/css!metaserver/static/js/privacy_consent/privacy_consent.module.out.html]
[www.dropbox.com/id/css!metaserver/static/js/privacy_consent/sandbox_redirect.module.out.html]
[www.dropbox.com/it/metaserver/static/js/privacy_consent/privacy_consent.module.html]
[www.dropbox.com/it/metaserver/static/js/privacy_consent/sandbox_redirect.module.html]
[www.dropbox.com/it/css!metaserver/static/js/ux_analytics/styles/devtools.module.out.html]
[www.dropbox.com/it/metaserver/static/js/ux_analytics/styles/devtools.module.html]
[www.dropbox.com/it/css!metaserver/static/js/privacy_consent/privacy_consent.module.out.html]
[www.dropbox.com/it/css!metaserver/static/js/privacy_consent/sandbox_redirect.module.out.html]
[www.dropbox.com/ja/metaserver/static/js/privacy_consent/privacy_consent.module.html]
[www.dropbox.com/ja/metaserver/static/js/privacy_consent/sandbox_redirect.module.html]
[www.dropbox.com/ja/css!metaserver/static/js/ux_analytics/styles/devtools.module.out.html]
[www.dropbox.com/ja/metaserver/static/js/ux_analytics/styles/devtools.module.html]
[www.dropbox.com/ja/css!metaserver/static/js/privacy_consent/privacy_consent.module.out.html]
[www.dropbox.com/ja/css!metaserver/static/js/privacy_consent/sandbox_redirect.module.out.html]
[www.dropbox.com/ko/metaserver/static/js/privacy_consent/privacy_consent.module.html]
[www.dropbox.com/ko/metaserver/static/js/privacy_consent/sandbox_redirect.module.html]
[www.dropbox.com/ko/css!metaserver/static/js/ux_analytics/styles/devtools.module.out.html]
[www.dropbox.com/ko/metaserver/static/js/ux_analytics/styles/devtools.module.html]
[www.dropbox.com/ko/css!metaserver/static/js/privacy_consent/privacy_consent.module.out.html]
[www.dropbox.com/ko/css!metaserver/static/js/privacy_consent/sandbox_redirect.module.out.html]
[www.dropbox.com/ms/metaserver/static/js/privacy_consent/privacy_consent.module.html]
[www.dropbox.com/ms/metaserver/static/js/privacy_consent/sandbox_redirect.module.html]
[www.dropbox.com/ms/css!metaserver/static/js/ux_analytics/styles/devtools.module.out.html]
[www.dropbox.com/ms/metaserver/static/js/ux_analytics/styles/devtools.module.html]
[www.dropbox.com/ms/css!metaserver/static/js/privacy_consent/privacy_consent.module.out.html]
[www.dropbox.com/ms/css!metaserver/static/js/privacy_consent/sandbox_redirect.module.out.html]
[www.dropbox.com/nb_NO/metaserver/static/js/privacy_consent/privacy_consent.module.html]
[www.dropbox.com/nb_NO/metaserver/static/js/privacy_consent/sandbox_redirect.module.html]
[www.dropbox.com/nb_NO/css!metaserver/static/js/ux_analytics/styles/devtools.module.out.html]
[www.dropbox.com/nb_NO/metaserver/static/js/ux_analytics/styles/devtools.module.html]
[www.dropbox.com/nb_NO/css!metaserver/static/js/privacy_consent/privacy_consent.module.out.html]
[www.dropbox.com/nb_NO/css!metaserver/static/js/privacy_consent/sandbox_redirect.module.out.html]
[www.dropbox.com/nl_NL/metaserver/static/js/privacy_consent/privacy_consent.module.html]
[www.dropbox.com/nl_NL/metaserver/static/js/privacy_consent/sandbox_redirect.module.html]
[www.dropbox.com/nl_NL/css!metaserver/static/js/ux_analytics/styles/devtools.module.out.html]
[www.dropbox.com/nl_NL/metaserver/static/js/ux_analytics/styles/devtools.module.html]
[www.dropbox.com/nl_NL/css!metaserver/static/js/privacy_consent/privacy_consent.module.out.html]
[www.dropbox.com/nl_NL/css!metaserver/static/js/privacy_consent/sandbox_redirect.module.out.html]
[www.dropbox.com/pl/metaserver/static/js/privacy_consent/privacy_consent.module.html]
[www.dropbox.com/pl/metaserver/static/js/privacy_consent/sandbox_redirect.module.html]
[www.dropbox.com/pl/css!metaserver/static/js/ux_analytics/styles/devtools.module.out.html]
[www.dropbox.com/pl/metaserver/static/js/ux_analytics/styles/devtools.module.html]
[www.dropbox.com/pl/css!metaserver/static/js/privacy_consent/privacy_consent.module.out.html]
[www.dropbox.com/pl/css!metaserver/static/js/privacy_consent/sandbox_redirect.module.out.html]
[www.dropbox.com/pt_BR/metaserver/static/js/privacy_consent/privacy_consent.module.html]
[www.dropbox.com/pt_BR/metaserver/static/js/privacy_consent/sandbox_redirect.module.html]
[www.dropbox.com/pt_BR/css!metaserver/static/js/ux_analytics/styles/devtools.module.out.html]
[www.dropbox.com/pt_BR/metaserver/static/js/ux_analytics/styles/devtools.module.html]
[www.dropbox.com/pt_BR/css!metaserver/static/js/privacy_consent/privacy_consent.module.out.html]
[www.dropbox.com/pt_BR/css!metaserver/static/js/privacy_consent/sandbox_redirect.module.out.html]
[www.dropbox.com/ru/metaserver/static/js/privacy_consent/privacy_consent.module.html]
[www.dropbox.com/ru/metaserver/static/js/privacy_consent/sandbox_redirect.module.html]
[www.dropbox.com/ru/css!metaserver/static/js/ux_analytics/styles/devtools.module.out.html]
[www.dropbox.com/ru/metaserver/static/js/ux_analytics/styles/devtools.module.html]
[www.dropbox.com/ru/css!metaserver/static/js/privacy_consent/privacy_consent.module.out.html]
[www.dropbox.com/ru/css!metaserver/static/js/privacy_consent/sandbox_redirect.module.out.html]
[www.dropbox.com/sv_SE/metaserver/static/js/privacy_consent/privacy_consent.module.html]
[www.dropbox.com/sv_SE/metaserver/static/js/privacy_consent/sandbox_redirect.module.html]
[www.dropbox.com/sv_SE/css!metaserver/static/js/ux_analytics/styles/devtools.module.out.html]
[www.dropbox.com/sv_SE/metaserver/static/js/ux_analytics/styles/devtools.module.html]
[www.dropbox.com/sv_SE/css!metaserver/static/js/privacy_consent/privacy_consent.module.out.html]
[www.dropbox.com/sv_SE/css!metaserver/static/js/privacy_consent/sandbox_redirect.module.out.html]
[www.dropbox.com/th_TH/metaserver/static/js/privacy_consent/privacy_consent.module.html]
[www.dropbox.com/th_TH/metaserver/static/js/privacy_consent/sandbox_redirect.module.html]
[www.dropbox.com/th_TH/css!metaserver/static/js/ux_analytics/styles/devtools.module.out.html]
[www.dropbox.com/th_TH/metaserver/static/js/ux_analytics/styles/devtools.module.html]
[www.dropbox.com/th_TH/css!metaserver/static/js/privacy_consent/privacy_consent.module.out.html]
[www.dropbox.com/th_TH/css!metaserver/static/js/privacy_consent/sandbox_redirect.module.out.html]
[www.dropbox.com/uk_UA/metaserver/static/js/privacy_consent/privacy_consent.module.html]
[www.dropbox.com/uk_UA/metaserver/static/js/privacy_consent/sandbox_redirect.module.html]
[www.dropbox.com/uk_UA/css!metaserver/static/js/ux_analytics/styles/devtools.module.out.html]
[www.dropbox.com/uk_UA/metaserver/static/js/ux_analytics/styles/devtools.module.html]
[www.dropbox.com/uk_UA/css!metaserver/static/js/privacy_consent/privacy_consent.module.out.html]
[www.dropbox.com/uk_UA/css!metaserver/static/js/privacy_consent/sandbox_redirect.module.out.html]
[www.dropbox.com/zh_CN/metaserver/static/js/privacy_consent/privacy_consent.module.html]
[www.dropbox.com/zh_CN/metaserver/static/js/privacy_consent/sandbox_redirect.module.html]
[www.dropbox.com/zh_CN/css!metaserver/static/js/ux_analytics/styles/devtools.module.out.html]
[www.dropbox.com/zh_CN/metaserver/static/js/ux_analytics/styles/devtools.module.html]
[www.dropbox.com/zh_CN/css!metaserver/static/js/privacy_consent/privacy_consent.module.out.html]
[www.dropbox.com/zh_CN/css!metaserver/static/js/privacy_consent/sandbox_redirect.module.out.html]
[www.dropbox.com/zh_TW/metaserver/static/js/privacy_consent/privacy_consent.module.html]
[www.dropbox.com/zh_TW/metaserver/static/js/privacy_consent/sandbox_redirect.module.html]
[www.dropbox.com/zh_TW/css!metaserver/static/js/ux_analytics/styles/devtools.module.out.html]
[www.dropbox.com/zh_TW/metaserver/static/js/ux_analytics/styles/devtools.module.html]
[www.dropbox.com/zh_TW/css!metaserver/static/js/privacy_consent/privacy_consent.module.out.html]
[www.dropbox.com/zh_TW/css!metaserver/static/js/privacy_consent/sandbox_redirect.module.out.html]
